// Jest Snapshot v1, https://goo.gl/fbAQLP

exports[`snapshot test 1`] = `
<div
  className="home"
>
  <h1>
    Hello world!
  </h1>
</div>
`;
